>>> add_integer = __import__('0-add_integer').add_integer
>>> add_integer(1, 2)
3
>>> add_integer("a", 2) # doctest: +IGNORE_EXCEPTION_DETAIL
Traceback (most recent call last):
TypeError: b must be an integer
>>> add_integer(1)
99
>>> add_integer() # doctest: +IGNORE_EXCEPTION_DETAIL
Traceback (most recent call last):
TypeError: add_integer() missing 1 required positional argument: 'a'
>>> add_integer("1.245") #doctest: +IGNORE_EXCEPTION_DETAIL
Traceback (most recent call last):
TypeError: b must be an integer
>>> type(add_integer(1, 2)) #doctest: +NORMALIZE_WHITESPACE
<class 'int'> 
